.loop-engineering/iterations/001/diff.patch:24: trailing whitespace.
+- 
.loop-engineering/iterations/001/eval.log:33: trailing whitespace.
++- 
.loop-engineering/iterations/001/gate-diff_check.log:2: trailing whitespace.
++- 
.loop-engineering/iterations/002/diff.patch:25: trailing whitespace.
+  
.loop-engineering/iterations/002/diff.patch:44: trailing whitespace.
++- 
.loop-engineering/iterations/002/diff.patch:60: trailing whitespace.
+-+ 
.loop-engineering/iterations/002/diff.patch:63: trailing whitespace.
+++- 
.loop-engineering/iterations/002/diff.patch:70: trailing whitespace.
+-+ 
.loop-engineering/iterations/002/diff.patch:72: trailing whitespace.
+++- 
.loop-engineering/iterations/002/diff.patch:97: trailing whitespace.
+- 
.loop-engineering/iterations/002/diff.patch:114: trailing whitespace.
+-+ 
.loop-engineering/iterations/002/diff.patch:125: trailing whitespace.
+- 
.loop-engineering/iterations/002/diff.patch:150: trailing whitespace.
+- 
.loop-engineering/iterations/002/diff.patch:154: trailing whitespace.
+- 
.loop-engineering/iterations/002/diff.patch:159: trailing whitespace.
+-++ 
.loop-engineering/iterations/002/diff.patch:166: trailing whitespace.
+-++ 
.loop-engineering/iterations/002/diff.patch:198: trailing whitespace.
+- 
